// Jest Snapshot v1, https://goo.gl/fbAQLP

exports[`renders correctly with monthly grouping 1`] = `
"<div class=\\"b-overlay-wrap position-relative\\"><span><div><div><div class=\\"row mt-2\\"><div class=\\"col\\"><div class=\\"input-group\\" role=\\"group\\"><!----><input type=\\"search\\" data-cy=\\"search-games\\" name=\\"search-games\\" class=\\"form-control\\" placeholder=\\"Search Games\\"><div class=\\"btn-group user-menu\\"><button class=\\"btn btn-light dropdown-toggle dropdown-toggle-no-caret\\" type=\\"button\\" id=\\"user-menu\\" data-bs-toggle=\\"dropdown\\" aria-expanded=\\"false\\"> <i class=\\"bi-person-circle\\"></i></button><!----><ul class=\\"dropdown-menu\\" aria-labelledby=\\"user-menu\\" role=\\"menu\\"><li role=\\"presentation\\"><button class=\\"dropdown-item text-danger\\" type=\\"button\\" target=\\"_self\\"><i class=\\"bi-door-open me-2\\"></i>Sign Out </button></li></ul></div></div><!--v-if--></div></div></div><div><ul class=\\"list-actions\\" data-test=\\"list-actions\\"><li id=\\"temporary_game\\" class=\\"\\">Game not found?</li><li id=\\"calendar\\" class=\\"\\">Calendar</li><li id=\\"archive\\" class=\\"\\">Archive</li><li id=\\"grouping\\" class=\\"\\">Grouping</li></ul><div class=\\"list-actions-content\\"><!--v-if--><!--v-if--><!--v-if--><!--v-if--></div></div></div><div><!--v-if--><div class=\\"list-category\\"><div class=\\"list-category-heading\\"><h5 class=\\"list-heading\\">February</h5><i class=\\"list-icon bi-caret-down-fill\\"></i></div><div id=\\"february\\" class=\\"collapse\\"><div class=\\"row\\" data-cy=\\"february\\"><div id=\\"game-194740\\" class=\\"col game\\" data-testid=\\"game\\" data-cy=\\"game\\"><img loading=\\"lazy\\" src=\\"//images.igdb.com/igdb/image/upload/t_cover_small/co4kxj.jpg\\" class=\\"game-cover\\" data-testid=\\"game-194740-cover\\"><div class=\\"game-info\\"><h5 data-cy=\\"game-title\\">Deliver Us Mars</h5><h6>KeokeN Interactive</h6><h6 data-testid=\\"release-date\\" data-cy=\\"release-date\\" class=\\"release-date\\">02/02/2023</h6></div><div class=\\"platforms\\" data-cy=\\"platforms-194740\\"><span class=\\"platform platform-selector PC\\" title=\\"PC (Microsoft Windows)\\">PC</span><span class=\\"platform platform-selector XONE\\" title=\\"Xbox One\\">XONE</span><span class=\\"platform platform-selector XSX\\" title=\\"Xbox Series X|S\\">XSX</span><span class=\\"platform platform-selector PS4\\" title=\\"PlayStation 4\\">PS4</span><span class=\\"platform platform-selector PS5\\" title=\\"PlayStation 5\\">PS5</span></div>
<div class=\\"game-actions\\"><a href=\\"https://www.igdb.com/games/deliver-us-mars\\" target=\\"_blank\\" class=\\"game-details btn btn-igdb\\"><i class=\\"bi bi-info-square\\"></i></a><br><button type=\\"button\\" class=\\"btn btn-outline-danger\\" data-cy=\\"delete-game\\"><i class=\\"bi bi-trash-fill\\"></i></button></div>
</div>
</div>
</div>
</div>
<div class=\\"list-category\\">
  <div class=\\"list-category-heading\\">
    <h5 class=\\"list-heading\\">June</h5><i class=\\"list-icon bi-caret-down-fill\\"></i>
  </div>
  <div id=\\"june\\" class=\\"collapse\\">
    <div class=\\"row\\" data-cy=\\"june\\">
      <div id=\\"game-191692\\" class=\\"col game\\" data-testid=\\"game\\" data-cy=\\"game\\"><img loading=\\"lazy\\" src=\\"//images.igdb.com/igdb/image/upload/t_cover_small/co5vst.jpg\\" class=\\"game-cover\\" data-testid=\\"game-191692-cover\\">
        <div class=\\"game-info\\">
          <h5 data-cy=\\"game-title\\">Street Fighter 6</h5>
          <h6>Capcom</h6>
          <h6 data-testid=\\"release-date\\" data-cy=\\"release-date\\" class=\\"release-date\\">06/02/2023</h6>
        </div>
        <div class=\\"platforms\\" data-cy=\\"platforms-191692\\"><span class=\\"platform platform-selector PC\\" title=\\"PC (Microsoft Windows)\\">PC</span><span class=\\"platform platform-selector PS4\\" title=\\"PlayStation 4\\">PS4</span><span class=\\"platform platform-selector PS5\\" title=\\"PlayStation 5\\">PS5</span><span class=\\"platform platform-selector XONE\\" title=\\"Xbox One\\">XONE</span><span class=\\"platform platform-selector XSX\\" title=\\"Xbox Series X|S\\">XSX</span></div>
        <div class=\\"game-actions\\"><a href=\\"https://www.igdb.com/games/street-fighter-6\\" target=\\"_blank\\" class=\\"game-details btn btn-igdb\\"><i class=\\"bi bi-info-square\\"></i></a><br><button type=\\"button\\" class=\\"btn btn-outline-danger\\" data-cy=\\"delete-game\\"><i class=\\"bi bi-trash-fill\\"></i></button></div>
      </div>
    </div>
  </div>
</div>
<div class=\\"list-category\\">
  <div class=\\"list-category-heading\\">
    <h5 class=\\"list-heading\\">2024 and beyond</h5><i class=\\"list-icon bi-caret-down-fill\\"></i>
  </div>
  <div id=\\"future\\" class=\\"collapse\\">
    <div class=\\"row\\" data-cy=\\"future\\">
      <div id=\\"game-136627\\" class=\\"col game\\" data-testid=\\"game\\" data-cy=\\"game\\"><img loading=\\"lazy\\" src=\\"//images.igdb.com/igdb/image/upload/t_cover_small/co40fu.jpg\\" class=\\"game-cover\\" data-testid=\\"game-136627-cover\\">
        <div class=\\"game-info\\">
          <h5 data-cy=\\"game-title\\">Suicide Squad: Kill the Justice League</h5>
          <h6>Rocksteady Studios</h6>
          <h6 data-testid=\\"release-date\\" data-cy=\\"release-date\\" class=\\"release-date\\">02/02/2024</h6>
        </div>
        <div class=\\"platforms\\" data-cy=\\"platforms-136627\\"><span class=\\"platform platform-selector PC\\" title=\\"PC (Microsoft Windows)\\">PC</span><span class=\\"platform platform-selector PS5\\" title=\\"PlayStation 5\\">PS5</span><span class=\\"platform platform-selector XSX\\" title=\\"Xbox Series X|S\\">XSX</span></div>
        <div class=\\"game-actions\\"><a href=\\"https://www.igdb.com/games/suicide-squad-kill-the-justice-league\\" target=\\"_blank\\" class=\\"game-details btn btn-igdb\\"><i class=\\"bi bi-info-square\\"></i></a><br><button type=\\"button\\" class=\\"btn btn-outline-danger\\" data-cy=\\"delete-game\\"><i class=\\"bi bi-trash-fill\\"></i></button></div>
      </div>
    </div>
    <div class=\\"row\\" data-cy=\\"future\\">
      <div id=\\"game-136879\\" class=\\"col game\\" data-testid=\\"game\\" data-cy=\\"game\\"><img loading=\\"lazy\\" src=\\"//images.igdb.com/igdb/image/upload/t_cover_small/co6e8b.jpg\\" class=\\"game-cover\\" data-testid=\\"game-136879-cover\\">
        <div class=\\"game-info\\">
          <h5 data-cy=\\"game-title\\">Black Myth: Wukong</h5>
          <h6>Game Science</h6>
          <h6 data-testid=\\"release-date\\" data-cy=\\"release-date\\" class=\\"release-date\\">Q3 2024</h6>
        </div>
        <div class=\\"platforms\\" data-cy=\\"platforms-136879\\"><span class=\\"platform platform-selector PC\\" title=\\"PC (Microsoft Windows)\\">PC</span></div>
        <div class=\\"game-actions\\"><a href=\\"https://www.igdb.com/games/black-myth-wukong\\" target=\\"_blank\\" class=\\"game-details btn btn-igdb\\"><i class=\\"bi bi-info-square\\"></i></a><br><button type=\\"button\\" class=\\"btn btn-outline-danger\\" data-cy=\\"delete-game\\"><i class=\\"bi bi-trash-fill\\"></i></button></div>
      </div>
    </div>
  </div>
</div>
</div></span>
<transition-stub entertoclass=\\"show\\" name=\\"fade\\" appear=\\"false\\" persisted=\\"false\\" css=\\"true\\"></transition-stub>
</div>"
`;

exports[`renders correctly with released unreleased grouping 1`] = `
"<div class=\\"b-overlay-wrap position-relative\\"><span><div><div><div class=\\"row mt-2\\"><div class=\\"col\\"><div class=\\"input-group\\" role=\\"group\\"><!----><input type=\\"search\\" data-cy=\\"search-games\\" name=\\"search-games\\" class=\\"form-control\\" placeholder=\\"Search Games\\"><div class=\\"btn-group user-menu\\"><button class=\\"btn btn-light dropdown-toggle dropdown-toggle-no-caret\\" type=\\"button\\" id=\\"user-menu\\" data-bs-toggle=\\"dropdown\\" aria-expanded=\\"false\\"> <i class=\\"bi-person-circle\\"></i></button><!----><ul class=\\"dropdown-menu\\" aria-labelledby=\\"user-menu\\" role=\\"menu\\"><li role=\\"presentation\\"><button class=\\"dropdown-item text-danger\\" type=\\"button\\" target=\\"_self\\"><i class=\\"bi-door-open me-2\\"></i>Sign Out </button></li></ul></div></div><!--v-if--></div></div></div><div><ul class=\\"list-actions\\" data-test=\\"list-actions\\"><li id=\\"temporary_game\\" class=\\"\\">Game not found?</li><li id=\\"calendar\\" class=\\"\\">Calendar</li><li id=\\"archive\\" class=\\"\\">Archive</li><li id=\\"grouping\\" class=\\"\\">Grouping</li></ul><div class=\\"list-actions-content\\"><!--v-if--><!--v-if--><!--v-if--><!--v-if--></div></div></div><div><!--v-if--><div class=\\"list-category\\"><div class=\\"list-category-heading\\"><h5 class=\\"list-heading\\">Released Games</h5><i class=\\"list-icon bi-caret-down-fill\\"></i></div><div id=\\"released-games\\" class=\\"collapse\\"><div class=\\"row\\" data-cy=\\"released-games\\"><div id=\\"game-194740\\" class=\\"col game\\" data-testid=\\"game\\" data-cy=\\"game\\"><img loading=\\"lazy\\" src=\\"//images.igdb.com/igdb/image/upload/t_cover_small/co4kxj.jpg\\" class=\\"game-cover\\" data-testid=\\"game-194740-cover\\"><div class=\\"game-info\\"><h5 data-cy=\\"game-title\\">Deliver Us Mars</h5><h6>KeokeN Interactive</h6><h6 data-testid=\\"release-date\\" data-cy=\\"release-date\\" class=\\"release-date\\">02/02/2023</h6></div><div class=\\"platforms\\" data-cy=\\"platforms-194740\\"><span class=\\"platform platform-selector PC\\" title=\\"PC (Microsoft Windows)\\">PC</span><span class=\\"platform platform-selector XONE\\" title=\\"Xbox One\\">XONE</span><span class=\\"platform platform-selector XSX\\" title=\\"Xbox Series X|S\\">XSX</span><span class=\\"platform platform-selector PS4\\" title=\\"PlayStation 4\\">PS4</span><span class=\\"platform platform-selector PS5\\" title=\\"PlayStation 5\\">PS5</span></div>
<div class=\\"game-actions\\"><a href=\\"https://www.igdb.com/games/deliver-us-mars\\" target=\\"_blank\\" class=\\"game-details btn btn-igdb\\"><i class=\\"bi bi-info-square\\"></i></a><br><button type=\\"button\\" class=\\"btn btn-outline-danger\\" data-cy=\\"delete-game\\"><i class=\\"bi bi-trash-fill\\"></i></button></div>
</div>
</div>
<div class=\\"row\\" data-cy=\\"released-games\\">
  <div id=\\"game-191692\\" class=\\"col game\\" data-testid=\\"game\\" data-cy=\\"game\\"><img loading=\\"lazy\\" src=\\"//images.igdb.com/igdb/image/upload/t_cover_small/co5vst.jpg\\" class=\\"game-cover\\" data-testid=\\"game-191692-cover\\">
    <div class=\\"game-info\\">
      <h5 data-cy=\\"game-title\\">Street Fighter 6</h5>
      <h6>Capcom</h6>
      <h6 data-testid=\\"release-date\\" data-cy=\\"release-date\\" class=\\"release-date\\">06/02/2023</h6>
    </div>
    <div class=\\"platforms\\" data-cy=\\"platforms-191692\\"><span class=\\"platform platform-selector PC\\" title=\\"PC (Microsoft Windows)\\">PC</span><span class=\\"platform platform-selector PS4\\" title=\\"PlayStation 4\\">PS4</span><span class=\\"platform platform-selector PS5\\" title=\\"PlayStation 5\\">PS5</span><span class=\\"platform platform-selector XONE\\" title=\\"Xbox One\\">XONE</span><span class=\\"platform platform-selector XSX\\" title=\\"Xbox Series X|S\\">XSX</span></div>
    <div class=\\"game-actions\\"><a href=\\"https://www.igdb.com/games/street-fighter-6\\" target=\\"_blank\\" class=\\"game-details btn btn-igdb\\"><i class=\\"bi bi-info-square\\"></i></a><br><button type=\\"button\\" class=\\"btn btn-outline-danger\\" data-cy=\\"delete-game\\"><i class=\\"bi bi-trash-fill\\"></i></button></div>
  </div>
</div>
</div>
</div>
<div class=\\"list-category\\">
  <div class=\\"list-category-heading\\">
    <h5 class=\\"list-heading\\">Unreleased Games</h5><i class=\\"list-icon bi-caret-down-fill\\"></i>
  </div>
  <div id=\\"unreleased-games\\" class=\\"collapse\\">
    <div class=\\"row\\" data-cy=\\"unreleased-games\\">
      <div id=\\"game-136627\\" class=\\"col game\\" data-testid=\\"game\\" data-cy=\\"game\\"><img loading=\\"lazy\\" src=\\"//images.igdb.com/igdb/image/upload/t_cover_small/co40fu.jpg\\" class=\\"game-cover\\" data-testid=\\"game-136627-cover\\">
        <div class=\\"game-info\\">
          <h5 data-cy=\\"game-title\\">Suicide Squad: Kill the Justice League</h5>
          <h6>Rocksteady Studios</h6>
          <h6 data-testid=\\"release-date\\" data-cy=\\"release-date\\" class=\\"release-date\\">02/02/2024</h6>
        </div>
        <div class=\\"platforms\\" data-cy=\\"platforms-136627\\"><span class=\\"platform platform-selector PC\\" title=\\"PC (Microsoft Windows)\\">PC</span><span class=\\"platform platform-selector PS5\\" title=\\"PlayStation 5\\">PS5</span><span class=\\"platform platform-selector XSX\\" title=\\"Xbox Series X|S\\">XSX</span></div>
        <div class=\\"game-actions\\"><a href=\\"https://www.igdb.com/games/suicide-squad-kill-the-justice-league\\" target=\\"_blank\\" class=\\"game-details btn btn-igdb\\"><i class=\\"bi bi-info-square\\"></i></a><br><button type=\\"button\\" class=\\"btn btn-outline-danger\\" data-cy=\\"delete-game\\"><i class=\\"bi bi-trash-fill\\"></i></button></div>
      </div>
    </div>
    <div class=\\"row\\" data-cy=\\"unreleased-games\\">
      <div id=\\"game-136879\\" class=\\"col game\\" data-testid=\\"game\\" data-cy=\\"game\\"><img loading=\\"lazy\\" src=\\"//images.igdb.com/igdb/image/upload/t_cover_small/co6e8b.jpg\\" class=\\"game-cover\\" data-testid=\\"game-136879-cover\\">
        <div class=\\"game-info\\">
          <h5 data-cy=\\"game-title\\">Black Myth: Wukong</h5>
          <h6>Game Science</h6>
          <h6 data-testid=\\"release-date\\" data-cy=\\"release-date\\" class=\\"release-date\\">Q3 2024</h6>
        </div>
        <div class=\\"platforms\\" data-cy=\\"platforms-136879\\"><span class=\\"platform platform-selector PC\\" title=\\"PC (Microsoft Windows)\\">PC</span></div>
        <div class=\\"game-actions\\"><a href=\\"https://www.igdb.com/games/black-myth-wukong\\" target=\\"_blank\\" class=\\"game-details btn btn-igdb\\"><i class=\\"bi bi-info-square\\"></i></a><br><button type=\\"button\\" class=\\"btn btn-outline-danger\\" data-cy=\\"delete-game\\"><i class=\\"bi bi-trash-fill\\"></i></button></div>
      </div>
    </div>
  </div>
</div>
</div></span>
<transition-stub entertoclass=\\"show\\" name=\\"fade\\" appear=\\"false\\" persisted=\\"false\\" css=\\"true\\"></transition-stub>
</div>"
`;
